127.0.0.1 - - [31/Jan/2023:15:48:42 +0700] "GET / HTTP/1.1" 200 11428
0:0:0:0:0:0:0:1 - - [31/Jan/2023:15:49:15 +0700] "POST /hello/ HTTP/1.1" 404 761
0:0:0:0:0:0:0:1 - - [31/Jan/2023:15:49:28 +0700] "POST /hello/activities HTTP/1.1" 405 752
0:0:0:0:0:0:0:1 - - [31/Jan/2023:15:49:33 +0700] "GET /hello/activities HTTP/1.1" 200 145
0:0:0:0:0:0:0:1 - - [31/Jan/2023:15:49:58 +0700] "GET /hello/activities HTTP/1.1" 200 145
0:0:0:0:0:0:0:1 - - [31/Jan/2023:15:51:18 +0700] "GET /hello/activities?id=2 HTTP/1.1" 200 145
0:0:0:0:0:0:0:1 - - [31/Jan/2023:15:51:19 +0700] "GET /hello/activities?id=2 HTTP/1.1" 200 145
0:0:0:0:0:0:0:1 - - [31/Jan/2023:15:51:19 +0700] "GET /hello/activities?id=2 HTTP/1.1" 200 145
0:0:0:0:0:0:0:1 - - [31/Jan/2023:15:51:19 +0700] "GET /hello/activities?id=2 HTTP/1.1" 200 145
0:0:0:0:0:0:0:1 - - [31/Jan/2023:15:51:31 +0700] "GET /hello/activities?id=1 HTTP/1.1" 200 145
0:0:0:0:0:0:0:1 - - [31/Jan/2023:15:51:31 +0700] "GET /hello/activities?id=1 HTTP/1.1" 200 145
0:0:0:0:0:0:0:1 - - [31/Jan/2023:15:51:32 +0700] "GET /hello/activities?id=1 HTTP/1.1" 200 145
127.0.0.1 - - [31/Jan/2023:20:23:24 +0700] "GET / HTTP/1.1" 200 11428
127.0.0.1 - - [31/Jan/2023:20:23:38 +0700] "GET / HTTP/1.1" 200 11428
127.0.0.1 - - [31/Jan/2023:20:24:04 +0700] "GET / HTTP/1.1" 200 11428
127.0.0.1 - - [31/Jan/2023:20:24:11 +0700] "GET / HTTP/1.1" 200 11428
0:0:0:0:0:0:0:1 - - [31/Jan/2023:20:24:18 +0700] "GET /hello/activities?id=1 HTTP/1.1" 200 720
127.0.0.1 - - [31/Jan/2023:20:27:24 +0700] "GET / HTTP/1.1" 200 11428
0:0:0:0:0:0:0:1 - - [31/Jan/2023:20:27:33 +0700] "GET /hello/activities?id=1 HTTP/1.1" 200 720
127.0.0.1 - - [31/Jan/2023:20:29:58 +0700] "GET / HTTP/1.1" 200 11428
0:0:0:0:0:0:0:1 - - [31/Jan/2023:20:30:04 +0700] "GET /hello/activities?id=1 HTTP/1.1" 200 720
0:0:0:0:0:0:0:1 - - [31/Jan/2023:20:30:17 +0700] "GET /hello/activities?id=3 HTTP/1.1" 200 720
127.0.0.1 - - [31/Jan/2023:20:31:31 +0700] "GET / HTTP/1.1" 200 11428
127.0.0.1 - - [31/Jan/2023:20:32:36 +0700] "GET / HTTP/1.1" 200 11428
0:0:0:0:0:0:0:1 - - [31/Jan/2023:20:32:42 +0700] "GET /hello/activitiesid?id=3 HTTP/1.1" 200 4
0:0:0:0:0:0:0:1 - - [31/Jan/2023:20:32:52 +0700] "GET /hello/activitiesid?id=1 HTTP/1.1" 200 4
127.0.0.1 - - [31/Jan/2023:20:33:25 +0700] "GET / HTTP/1.1" 200 11428
127.0.0.1 - - [31/Jan/2023:20:34:40 +0700] "GET / HTTP/1.1" 200 11428
0:0:0:0:0:0:0:1 - - [31/Jan/2023:20:34:52 +0700] "GET /hello/activitiesid?id=1 HTTP/1.1" 404 773
0:0:0:0:0:0:0:1 - - [31/Jan/2023:20:34:54 +0700] "GET /hello/activitiesid?id=1 HTTP/1.1" 404 773
0:0:0:0:0:0:0:1 - - [31/Jan/2023:20:35:09 +0700] "GET /hello/activitiesid?id=1 HTTP/1.1" 404 773
0:0:0:0:0:0:0:1 - - [31/Jan/2023:20:35:12 +0700] "GET /hello/activitiesid HTTP/1.1" 404 773
0:0:0:0:0:0:0:1 - - [31/Jan/2023:20:35:13 +0700] "GET /hello/activitiesid HTTP/1.1" 404 773
0:0:0:0:0:0:0:1 - - [31/Jan/2023:20:35:29 +0700] "GET /HelloServletT/activitiesid HTTP/1.1" 404 781
0:0:0:0:0:0:0:1 - - [31/Jan/2023:20:35:29 +0700] "GET /HelloServletT/activitiesid HTTP/1.1" 404 781
0:0:0:0:0:0:0:1 - - [31/Jan/2023:20:35:30 +0700] "GET /HelloServletT/activitiesid HTTP/1.1" 404 781
0:0:0:0:0:0:0:1 - - [31/Jan/2023:20:35:32 +0700] "GET /HelloServletT/activitiesid?id=1 HTTP/1.1" 404 781
0:0:0:0:0:0:0:1 - - [31/Jan/2023:20:35:33 +0700] "GET /HelloServletT/activitiesid?id=1 HTTP/1.1" 404 781
0:0:0:0:0:0:0:1 - - [31/Jan/2023:20:35:33 +0700] "GET /HelloServletT/activitiesid?id=1 HTTP/1.1" 404 781
127.0.0.1 - - [31/Jan/2023:20:36:07 +0700] "GET / HTTP/1.1" 200 11428
127.0.0.1 - - [31/Jan/2023:20:36:13 +0700] "GET / HTTP/1.1" 200 11428
0:0:0:0:0:0:0:1 - - [31/Jan/2023:20:36:19 +0700] "GET /HelloServletT/activitiesid?id=1 HTTP/1.1" 404 781
0:0:0:0:0:0:0:1 - - [31/Jan/2023:20:36:19 +0700] "GET /HelloServletT/activitiesid?id=1 HTTP/1.1" 404 781
0:0:0:0:0:0:0:1 - - [31/Jan/2023:20:36:20 +0700] "GET /HelloServletT/activitiesid?id=1 HTTP/1.1" 404 781
0:0:0:0:0:0:0:1 - - [31/Jan/2023:20:36:20 +0700] "GET /HelloServletT/activitiesid?id=1 HTTP/1.1" 404 781
0:0:0:0:0:0:0:1 - - [31/Jan/2023:20:36:20 +0700] "GET /HelloServletT/activitiesid?id=1 HTTP/1.1" 404 781
0:0:0:0:0:0:0:1 - - [31/Jan/2023:20:36:26 +0700] "GET /HelloServletT/idactivities?id=1 HTTP/1.1" 404 781
0:0:0:0:0:0:0:1 - - [31/Jan/2023:20:36:27 +0700] "GET /HelloServletT/idactivities?id=1 HTTP/1.1" 404 781
0:0:0:0:0:0:0:1 - - [31/Jan/2023:20:36:31 +0700] "GET /hello/idactivities?id=1 HTTP/1.1" 200 4
127.0.0.1 - - [31/Jan/2023:20:36:48 +0700] "GET / HTTP/1.1" 200 11428
0:0:0:0:0:0:0:1 - - [31/Jan/2023:20:36:53 +0700] "GET /hello/idactivities?id=1 HTTP/1.1" 500 1367
127.0.0.1 - - [31/Jan/2023:20:39:32 +0700] "GET / HTTP/1.1" 200 11428
127.0.0.1 - - [31/Jan/2023:20:40:12 +0700] "GET / HTTP/1.1" 200 11428
127.0.0.1 - - [31/Jan/2023:20:40:33 +0700] "GET / HTTP/1.1" 200 11428
0:0:0:0:0:0:0:1 - - [31/Jan/2023:20:40:51 +0700] "GET /hello/idactivities HTTP/1.1" 500 1312
0:0:0:0:0:0:0:1 - - [31/Jan/2023:20:41:01 +0700] "GET /hello/idactivities?id=1 HTTP/1.1" 200 4
127.0.0.1 - - [31/Jan/2023:20:41:42 +0700] "GET / HTTP/1.1" 200 11428
0:0:0:0:0:0:0:1 - - [31/Jan/2023:20:41:59 +0700] "GET /hello/idactivities?id=1 HTTP/1.1" 500 1367
127.0.0.1 - - [31/Jan/2023:20:45:09 +0700] "GET / HTTP/1.1" 200 11428
0:0:0:0:0:0:0:1 - - [31/Jan/2023:20:45:13 +0700] "GET /hello/idactivities?id=1 HTTP/1.1" 200 206
127.0.0.1 - - [31/Jan/2023:20:45:37 +0700] "GET / HTTP/1.1" 200 11428
0:0:0:0:0:0:0:1 - - [31/Jan/2023:20:45:42 +0700] "GET /hello/activities?id=1 HTTP/1.1" 500 1558
127.0.0.1 - - [31/Jan/2023:20:47:30 +0700] "GET / HTTP/1.1" 200 11428
0:0:0:0:0:0:0:1 - - [31/Jan/2023:20:47:36 +0700] "GET /hello/activities?id=1 HTTP/1.1" 500 1558
0:0:0:0:0:0:0:1 - - [31/Jan/2023:20:47:41 +0700] "GET /hello/activities HTTP/1.1" 500 1558
0:0:0:0:0:0:0:1 - - [31/Jan/2023:20:48:00 +0700] "GET /hello/activitiesid?id=1 HTTP/1.1" 200 206
127.0.0.1 - - [31/Jan/2023:20:48:21 +0700] "GET / HTTP/1.1" 200 11428
0:0:0:0:0:0:0:1 - - [31/Jan/2023:20:48:29 +0700] "GET /hello/activities?id=1 HTTP/1.1" 200 206
0:0:0:0:0:0:0:1 - - [31/Jan/2023:20:48:33 +0700] "GET /hello/activities?id=2 HTTP/1.1" 200 276
0:0:0:0:0:0:0:1 - - [31/Jan/2023:20:48:36 +0700] "GET /hello/activities?id=3 HTTP/1.1" 200 234
0:0:0:0:0:0:0:1 - - [31/Jan/2023:20:48:57 +0700] "GET /hello/activitiesid HTTP/1.1" 500 1558
127.0.0.1 - - [31/Jan/2023:20:49:40 +0700] "GET / HTTP/1.1" 200 11428
0:0:0:0:0:0:0:1 - - [31/Jan/2023:20:49:44 +0700] "GET /hello/activitiesid HTTP/1.1" 500 1471
127.0.0.1 - - [31/Jan/2023:20:50:21 +0700] "GET / HTTP/1.1" 200 11428
0:0:0:0:0:0:0:1 - - [31/Jan/2023:20:50:25 +0700] "GET /hello/activitiesid HTTP/1.1" 200 2
127.0.0.1 - - [31/Jan/2023:20:50:42 +0700] "GET / HTTP/1.1" 200 11428
127.0.0.1 - - [31/Jan/2023:20:50:52 +0700] "GET / HTTP/1.1" 200 11428
0:0:0:0:0:0:0:1 - - [31/Jan/2023:20:50:58 +0700] "GET /hello/activities HTTP/1.1" 500 1471
0:0:0:0:0:0:0:1 - - [31/Jan/2023:20:51:06 +0700] "GET /hello/activities?id=1 HTTP/1.1" 500 1471
127.0.0.1 - - [31/Jan/2023:20:51:42 +0700] "GET / HTTP/1.1" 200 11428
0:0:0:0:0:0:0:1 - - [31/Jan/2023:20:51:47 +0700] "GET /hello/activities?id=1 HTTP/1.1" 200 206
0:0:0:0:0:0:0:1 - - [31/Jan/2023:20:51:52 +0700] "GET /hello/activities?id=2 HTTP/1.1" 200 276
0:0:0:0:0:0:0:1 - - [31/Jan/2023:20:51:57 +0700] "GET /hello/activities?id=3 HTTP/1.1" 200 234
0:0:0:0:0:0:0:1 - - [31/Jan/2023:20:52:18 +0700] "GET /hello/activities?id=1 HTTP/1.1" 200 206
0:0:0:0:0:0:0:1 - - [31/Jan/2023:20:52:38 +0700] "GET /hello/allactivities HTTP/1.1" 500 1471
127.0.0.1 - - [31/Jan/2023:20:54:08 +0700] "GET / HTTP/1.1" 200 11428
0:0:0:0:0:0:0:1 - - [31/Jan/2023:20:54:16 +0700] "GET /hello/allactivities HTTP/1.1" 200 2
127.0.0.1 - - [31/Jan/2023:20:55:49 +0700] "GET / HTTP/1.1" 200 11428
0:0:0:0:0:0:0:1 - - [31/Jan/2023:20:55:58 +0700] "GET /hello/allactivities?id=1 HTTP/1.1" 200 2
0:0:0:0:0:0:0:1 - - [31/Jan/2023:20:56:21 +0700] "GET /hello/activities?id=1 HTTP/1.1" 200 206
127.0.0.1 - - [31/Jan/2023:21:07:27 +0700] "GET / HTTP/1.1" 200 11428
0:0:0:0:0:0:0:1 - - [31/Jan/2023:21:08:12 +0700] "GET /hello/activities?place=%E0%B8%84%E0%B8%93%E0%B8%B0%E0%B8%A7%E0%B8%B4%E0%B8%A8%E0%B8%A7%E0%B8%81%E0%B8%A3%E0%B8%A3%E0%B8%A1%E0%B8%A8%E0%B8%B2%E0%B8%AA%E0%B8%95%E0%B8%A3%E0%B9%8C&time=9.00 HTTP/1.1" 404 771
0:0:0:0:0:0:0:1 - - [31/Jan/2023:21:08:44 +0700] "GET /hello/activities?place=%22%E0%B8%84%E0%B8%93%E0%B8%B0%E0%B8%A7%E0%B8%B4%E0%B8%A8%E0%B8%A7%E0%B8%81%E0%B8%A3%E0%B8%A3%E0%B8%A1%E0%B8%A8%E0%B8%B2%E0%B8%AA%E0%B8%95%E0%B8%A3%E0%B9%8C%22&time=%229.00%22 HTTP/1.1" 404 771
127.0.0.1 - - [31/Jan/2023:21:09:11 +0700] "GET / HTTP/1.1" 200 11428
0:0:0:0:0:0:0:1 - - [31/Jan/2023:21:09:27 +0700] "GET /hello/activity?place=%E0%B8%84%E0%B8%93%E0%B8%B0%E0%B8%A7%E0%B8%B4%E0%B8%A8%E0%B8%A7%E0%B8%81%E0%B8%A3%E0%B8%A3%E0%B8%A1%E0%B8%A8%E0%B8%B2%E0%B8%AA%E0%B8%95%E0%B8%A3%E0%B9%8C&time=9.00 HTTP/1.1" 500 3595
0:0:0:0:0:0:0:1 - - [31/Jan/2023:21:11:09 +0700] "GET /hello/activities?id=1 HTTP/1.1" 200 206
127.0.0.1 - - [31/Jan/2023:21:11:53 +0700] "GET / HTTP/1.1" 200 11428
0:0:0:0:0:0:0:1 - - [31/Jan/2023:21:12:01 +0700] "GET /hello/allactivities HTTP/1.1" 500 1471
0:0:0:0:0:0:0:1 - - [31/Jan/2023:21:12:25 +0700] "GET /hello/activities?id=1 HTTP/1.1" 200 206
0:0:0:0:0:0:0:1 - - [31/Jan/2023:21:12:28 +0700] "GET /hello/activities?id=2 HTTP/1.1" 200 276
0:0:0:0:0:0:0:1 - - [31/Jan/2023:21:12:32 +0700] "GET /hello/activitiy HTTP/1.1" 404 770
0:0:0:0:0:0:0:1 - - [31/Jan/2023:21:12:56 +0700] "GET /hello/activitiy HTTP/1.1" 404 770
0:0:0:0:0:0:0:1 - - [31/Jan/2023:21:13:17 +0700] "GET /hello/activitiy?place=%E0%B8%84%E0%B8%93%E0%B8%B0%E0%B8%A7%E0%B8%B4%E0%B8%A8%E0%B8%A7%E0%B8%81%E0%B8%A3%E0%B8%A3%E0%B8%A1%E0%B8%A8%E0%B8%B2%E0%B8%AA%E0%B8%95%E0%B8%A3%E0%B9%8C&time=9.00 HTTP/1.1" 404 770
127.0.0.1 - - [31/Jan/2023:21:14:33 +0700] "GET / HTTP/1.1" 200 11428
127.0.0.1 - - [31/Jan/2023:21:16:53 +0700] "GET / HTTP/1.1" 200 11428
0:0:0:0:0:0:0:1 - - [31/Jan/2023:21:17:03 +0700] "GET /hello/allactivities HTTP/1.1" 200 720
127.0.0.1 - - [31/Jan/2023:21:17:26 +0700] "GET / HTTP/1.1" 200 11428
0:0:0:0:0:0:0:1 - - [31/Jan/2023:21:17:33 +0700] "GET /hello/activities HTTP/1.1" 200 720
0:0:0:0:0:0:0:1 - - [31/Jan/2023:21:17:42 +0700] "GET /hello/activities?id=1 HTTP/1.1" 200 720
127.0.0.1 - - [31/Jan/2023:21:18:03 +0700] "GET / HTTP/1.1" 200 11428
0:0:0:0:0:0:0:1 - - [31/Jan/2023:21:18:15 +0700] "GET /hello/activities?id=1 HTTP/1.1" 200 206
127.0.0.1 - - [31/Jan/2023:21:21:42 +0700] "GET / HTTP/1.1" 200 11428
0:0:0:0:0:0:0:1 - - [31/Jan/2023:21:21:55 +0700] "GET /hello/joinactivities HTTP/1.1" 404 775
0:0:0:0:0:0:0:1 - - [31/Jan/2023:21:22:20 +0700] "GET /hello/joinActivities HTTP/1.1" 500 2896
127.0.0.1 - - [31/Jan/2023:21:24:15 +0700] "GET / HTTP/1.1" 200 11428
0:0:0:0:0:0:0:1 - - [31/Jan/2023:21:24:50 +0700] "GET /hello/joinActivities HTTP/1.1" 500 2896
127.0.0.1 - - [31/Jan/2023:21:25:55 +0700] "GET / HTTP/1.1" 200 11428
0:0:0:0:0:0:0:1 - - [31/Jan/2023:21:25:58 +0700] "GET /hello/joinActivities HTTP/1.1" 200 649
127.0.0.1 - - [31/Jan/2023:21:26:14 +0700] "GET / HTTP/1.1" 200 11428
0:0:0:0:0:0:0:1 - - [31/Jan/2023:21:26:25 +0700] "GET /hello/joinActivities HTTP/1.1" 200 655
127.0.0.1 - - [31/Jan/2023:21:28:43 +0700] "GET / HTTP/1.1" 200 11428
127.0.0.1 - - [31/Jan/2023:21:29:48 +0700] "GET / HTTP/1.1" 200 11428
0:0:0:0:0:0:0:1 - - [31/Jan/2023:21:30:23 +0700] "GET /hello/activityplacetime?place=%E0%B8%84%E0%B8%93%E0%B8%B0%E0%B8%A7%E0%B8%B4%E0%B8%A8%E0%B8%A7%E0%B8%81%E0%B8%A3%E0%B8%A3%E0%B8%A1%E0%B8%A8%E0%B8%B2%E0%B8%AA%E0%B8%95%E0%B8%A3%E0%B9%8C&time=9.00 HTTP/1.1" 500 3595
127.0.0.1 - - [31/Jan/2023:21:32:25 +0700] "GET / HTTP/1.1" 200 11428
0:0:0:0:0:0:0:1 - - [31/Jan/2023:21:32:29 +0700] "GET /hello/activityplacetime?place=%E0%B8%84%E0%B8%93%E0%B8%B0%E0%B8%A7%E0%B8%B4%E0%B8%A8%E0%B8%A7%E0%B8%81%E0%B8%A3%E0%B8%A3%E0%B8%A1%E0%B8%A8%E0%B8%B2%E0%B8%AA%E0%B8%95%E0%B8%A3%E0%B9%8C&time=9.00 HTTP/1.1" 500 3595
127.0.0.1 - - [31/Jan/2023:21:35:58 +0700] "GET / HTTP/1.1" 200 11428
0:0:0:0:0:0:0:1 - - [31/Jan/2023:21:36:02 +0700] "GET /hello/activityplacetime?place=%E0%B8%84%E0%B8%93%E0%B8%B0%E0%B8%A7%E0%B8%B4%E0%B8%A8%E0%B8%A7%E0%B8%81%E0%B8%A3%E0%B8%A3%E0%B8%A1%E0%B8%A8%E0%B8%B2%E0%B8%AA%E0%B8%95%E0%B8%A3%E0%B9%8C&time=9.00 HTTP/1.1" 500 3595
0:0:0:0:0:0:0:1 - - [31/Jan/2023:21:36:15 +0700] "GET /hello/activityplacetime?place=et&time=ete HTTP/1.1" 404 682
127.0.0.1 - - [31/Jan/2023:21:36:36 +0700] "GET / HTTP/1.1" 200 11428
0:0:0:0:0:0:0:1 - - [31/Jan/2023:21:37:43 +0700] "GET /MidTest/activity?name=Sayonara&place=E9504 HTTP/1.1" 200 72
127.0.0.1 - - [31/Jan/2023:21:40:46 +0700] "GET / HTTP/1.1" 200 11428
0:0:0:0:0:0:0:1 - - [31/Jan/2023:21:41:27 +0700] "GET /hello/activityplacetime?place=%E0%B8%84%E0%B8%93%E0%B8%B0%E0%B8%A7%E0%B8%B4%E0%B8%A8%E0%B8%A7%E0%B8%81%E0%B8%A3%E0%B8%A3%E0%B8%A1%E0%B8%A8%E0%B8%B2%E0%B8%AA%E0%B8%95%E0%B8%A3%E0%B9%8C&time=9.00 HTTP/1.1" 404 778
127.0.0.1 - - [31/Jan/2023:21:41:40 +0700] "GET / HTTP/1.1" 200 11428
0:0:0:0:0:0:0:1 - - [31/Jan/2023:21:41:43 +0700] "GET /hello/activityplacetime?place=%E0%B8%84%E0%B8%93%E0%B8%B0%E0%B8%A7%E0%B8%B4%E0%B8%A8%E0%B8%A7%E0%B8%81%E0%B8%A3%E0%B8%A3%E0%B8%A1%E0%B8%A8%E0%B8%B2%E0%B8%AA%E0%B8%95%E0%B8%A3%E0%B9%8C&time=9.00 HTTP/1.1" 404 778
127.0.0.1 - - [31/Jan/2023:21:48:08 +0700] "GET / HTTP/1.1" 200 11428
0:0:0:0:0:0:0:1 - - [31/Jan/2023:21:49:37 +0700] "POST /hello/allactivities?id=1 HTTP/1.1" 404 774
127.0.0.1 - - [31/Jan/2023:21:49:56 +0700] "GET / HTTP/1.1" 200 11428
0:0:0:0:0:0:0:1 - - [31/Jan/2023:21:49:58 +0700] "POST /hello/allactivities?id=1 HTTP/1.1" 404 774
0:0:0:0:0:0:0:1 - - [31/Jan/2023:21:49:59 +0700] "POST /hello/allactivities?id=1 HTTP/1.1" 404 774
0:0:0:0:0:0:0:1 - - [31/Jan/2023:21:49:59 +0700] "POST /hello/allactivities?id=1 HTTP/1.1" 404 774
0:0:0:0:0:0:0:1 - - [31/Jan/2023:21:49:59 +0700] "POST /hello/allactivities?id=1 HTTP/1.1" 404 774
0:0:0:0:0:0:0:1 - - [31/Jan/2023:21:50:07 +0700] "POST /hello/allactivities?id=1 HTTP/1.1" 404 774
0:0:0:0:0:0:0:1 - - [31/Jan/2023:21:50:08 +0700] "POST /hello/allactivities?id=1 HTTP/1.1" 404 774
0:0:0:0:0:0:0:1 - - [31/Jan/2023:21:50:08 +0700] "POST /hello/allactivities?id=1 HTTP/1.1" 404 774
0:0:0:0:0:0:0:1 - - [31/Jan/2023:21:50:08 +0700] "POST /hello/allactivities?id=1 HTTP/1.1" 404 774
0:0:0:0:0:0:0:1 - - [31/Jan/2023:21:50:08 +0700] "POST /hello/allactivities?id=1 HTTP/1.1" 404 774
127.0.0.1 - - [31/Jan/2023:21:51:09 +0700] "GET / HTTP/1.1" 200 11428
0:0:0:0:0:0:0:1 - - [31/Jan/2023:21:51:12 +0700] "POST /hello/allactivities?id=1 HTTP/1.1" 404 774
0:0:0:0:0:0:0:1 - - [31/Jan/2023:21:51:13 +0700] "POST /hello/allactivities?id=1 HTTP/1.1" 404 774
0:0:0:0:0:0:0:1 - - [31/Jan/2023:21:51:13 +0700] "POST /hello/allactivities?id=1 HTTP/1.1" 404 774
0:0:0:0:0:0:0:1 - - [31/Jan/2023:21:51:17 +0700] "POST /hello/activities?id=1 HTTP/1.1" 404 771
0:0:0:0:0:0:0:1 - - [31/Jan/2023:21:51:18 +0700] "POST /hello/activities?id=1 HTTP/1.1" 404 771
0:0:0:0:0:0:0:1 - - [31/Jan/2023:21:51:18 +0700] "POST /hello/activities?id=1 HTTP/1.1" 404 771
0:0:0:0:0:0:0:1 - - [31/Jan/2023:21:51:18 +0700] "POST /hello/activities?id=1 HTTP/1.1" 404 771
127.0.0.1 - - [31/Jan/2023:21:51:51 +0700] "GET / HTTP/1.1" 200 11428
0:0:0:0:0:0:0:1 - - [31/Jan/2023:21:51:59 +0700] "POST /hello/activities?id=1 HTTP/1.1" 404 771
0:0:0:0:0:0:0:1 - - [31/Jan/2023:21:52:00 +0700] "POST /hello/activities?id=1 HTTP/1.1" 404 771
0:0:0:0:0:0:0:1 - - [31/Jan/2023:21:52:00 +0700] "POST /hello/activities?id=1 HTTP/1.1" 404 771
0:0:0:0:0:0:0:1 - - [31/Jan/2023:21:52:01 +0700] "POST /hello/activities?id=1 HTTP/1.1" 404 771
0:0:0:0:0:0:0:1 - - [31/Jan/2023:21:52:01 +0700] "POST /hello/activities?id=1 HTTP/1.1" 404 771
0:0:0:0:0:0:0:1 - - [31/Jan/2023:21:52:01 +0700] "POST /hello/activities?id=1 HTTP/1.1" 404 771
0:0:0:0:0:0:0:1 - - [31/Jan/2023:21:52:01 +0700] "POST /hello/activities?id=1 HTTP/1.1" 404 771
0:0:0:0:0:0:0:1 - - [31/Jan/2023:21:52:01 +0700] "POST /hello/activities?id=1 HTTP/1.1" 404 771
0:0:0:0:0:0:0:1 - - [31/Jan/2023:21:52:02 +0700] "POST /hello/activities?id=1 HTTP/1.1" 404 771
0:0:0:0:0:0:0:1 - - [31/Jan/2023:21:52:02 +0700] "POST /hello/activities?id=1 HTTP/1.1" 404 771
127.0.0.1 - - [31/Jan/2023:21:52:50 +0700] "GET / HTTP/1.1" 200 11428
0:0:0:0:0:0:0:1 - - [31/Jan/2023:21:52:55 +0700] "POST /hello/activities?id=1 HTTP/1.1" 404 771
0:0:0:0:0:0:0:1 - - [31/Jan/2023:21:52:56 +0700] "POST /hello/activities?id=1 HTTP/1.1" 404 771
0:0:0:0:0:0:0:1 - - [31/Jan/2023:21:52:56 +0700] "POST /hello/activities?id=1 HTTP/1.1" 404 771
0:0:0:0:0:0:0:1 - - [31/Jan/2023:21:52:56 +0700] "POST /hello/activities?id=1 HTTP/1.1" 404 771
0:0:0:0:0:0:0:1 - - [31/Jan/2023:21:52:56 +0700] "POST /hello/activities?id=1 HTTP/1.1" 404 771
0:0:0:0:0:0:0:1 - - [31/Jan/2023:21:52:57 +0700] "POST /hello/activities?id=1 HTTP/1.1" 404 771
0:0:0:0:0:0:0:1 - - [31/Jan/2023:21:52:57 +0700] "POST /hello/activities?id=1 HTTP/1.1" 404 771
0:0:0:0:0:0:0:1 - - [31/Jan/2023:21:52:57 +0700] "POST /hello/activities?id=1 HTTP/1.1" 404 771
0:0:0:0:0:0:0:1 - - [31/Jan/2023:21:53:08 +0700] "POST /hello/activities?id=1 HTTP/1.1" 404 771
0:0:0:0:0:0:0:1 - - [31/Jan/2023:21:54:48 +0700] "POST /hello/activities?place=%E0%B8%84%E0%B8%93%E0%B8%B0%E0%B8%A7%E0%B8%B4%E0%B8%A8%E0%B8%A7%E0%B8%81%E0%B8%A3%E0%B8%A3%E0%B8%A1%E0%B8%A8%E0%B8%B2%E0%B8%AA%E0%B8%95%E0%B8%A3%E0%B9%8C&time=9.00 HTTP/1.1" 404 771
0:0:0:0:0:0:0:1 - - [31/Jan/2023:21:54:48 +0700] "POST /hello/activities?place=%E0%B8%84%E0%B8%93%E0%B8%B0%E0%B8%A7%E0%B8%B4%E0%B8%A8%E0%B8%A7%E0%B8%81%E0%B8%A3%E0%B8%A3%E0%B8%A1%E0%B8%A8%E0%B8%B2%E0%B8%AA%E0%B8%95%E0%B8%A3%E0%B9%8C&time=9.00 HTTP/1.1" 404 771
0:0:0:0:0:0:0:1 - - [31/Jan/2023:21:54:53 +0700] "GET /hello/activities?place=%E0%B8%84%E0%B8%93%E0%B8%B0%E0%B8%A7%E0%B8%B4%E0%B8%A8%E0%B8%A7%E0%B8%81%E0%B8%A3%E0%B8%A3%E0%B8%A1%E0%B8%A8%E0%B8%B2%E0%B8%AA%E0%B8%95%E0%B8%A3%E0%B9%8C&time=9.00 HTTP/1.1" 404 771
0:0:0:0:0:0:0:1 - - [31/Jan/2023:21:54:54 +0700] "GET /hello/activities?place=%E0%B8%84%E0%B8%93%E0%B8%B0%E0%B8%A7%E0%B8%B4%E0%B8%A8%E0%B8%A7%E0%B8%81%E0%B8%A3%E0%B8%A3%E0%B8%A1%E0%B8%A8%E0%B8%B2%E0%B8%AA%E0%B8%95%E0%B8%A3%E0%B9%8C&time=9.00 HTTP/1.1" 404 771
0:0:0:0:0:0:0:1 - - [31/Jan/2023:21:54:54 +0700] "GET /hello/activities?place=%E0%B8%84%E0%B8%93%E0%B8%B0%E0%B8%A7%E0%B8%B4%E0%B8%A8%E0%B8%A7%E0%B8%81%E0%B8%A3%E0%B8%A3%E0%B8%A1%E0%B8%A8%E0%B8%B2%E0%B8%AA%E0%B8%95%E0%B8%A3%E0%B9%8C&time=9.00 HTTP/1.1" 404 771
0:0:0:0:0:0:0:1 - - [31/Jan/2023:21:54:54 +0700] "GET /hello/activities?place=%E0%B8%84%E0%B8%93%E0%B8%B0%E0%B8%A7%E0%B8%B4%E0%B8%A8%E0%B8%A7%E0%B8%81%E0%B8%A3%E0%B8%A3%E0%B8%A1%E0%B8%A8%E0%B8%B2%E0%B8%AA%E0%B8%95%E0%B8%A3%E0%B9%8C&time=9.00 HTTP/1.1" 404 771
127.0.0.1 - - [31/Jan/2023:21:55:02 +0700] "GET / HTTP/1.1" 200 11428
0:0:0:0:0:0:0:1 - - [31/Jan/2023:21:55:06 +0700] "GET /hello/activities?place=%E0%B8%84%E0%B8%93%E0%B8%B0%E0%B8%A7%E0%B8%B4%E0%B8%A8%E0%B8%A7%E0%B8%81%E0%B8%A3%E0%B8%A3%E0%B8%A1%E0%B8%A8%E0%B8%B2%E0%B8%AA%E0%B8%95%E0%B8%A3%E0%B9%8C&time=9.00 HTTP/1.1" 404 771
0:0:0:0:0:0:0:1 - - [31/Jan/2023:21:55:07 +0700] "GET /hello/activities?place=%E0%B8%84%E0%B8%93%E0%B8%B0%E0%B8%A7%E0%B8%B4%E0%B8%A8%E0%B8%A7%E0%B8%81%E0%B8%A3%E0%B8%A3%E0%B8%A1%E0%B8%A8%E0%B8%B2%E0%B8%AA%E0%B8%95%E0%B8%A3%E0%B9%8C&time=9.00 HTTP/1.1" 404 771
0:0:0:0:0:0:0:1 - - [31/Jan/2023:21:55:07 +0700] "GET /hello/activities?place=%E0%B8%84%E0%B8%93%E0%B8%B0%E0%B8%A7%E0%B8%B4%E0%B8%A8%E0%B8%A7%E0%B8%81%E0%B8%A3%E0%B8%A3%E0%B8%A1%E0%B8%A8%E0%B8%B2%E0%B8%AA%E0%B8%95%E0%B8%A3%E0%B9%8C&time=9.00 HTTP/1.1" 404 771
0:0:0:0:0:0:0:1 - - [31/Jan/2023:21:55:19 +0700] "GET /hello/activities?id=1 HTTP/1.1" 404 771
0:0:0:0:0:0:0:1 - - [31/Jan/2023:21:55:19 +0700] "GET /hello/activities?id=1 HTTP/1.1" 404 771
0:0:0:0:0:0:0:1 - - [31/Jan/2023:21:55:20 +0700] "GET /hello/activities?id=1 HTTP/1.1" 404 771
127.0.0.1 - - [31/Jan/2023:21:55:38 +0700] "GET / HTTP/1.1" 200 11428
0:0:0:0:0:0:0:1 - - [31/Jan/2023:21:55:43 +0700] "GET /hello/activities?id=1 HTTP/1.1" 404 771
0:0:0:0:0:0:0:1 - - [31/Jan/2023:21:55:43 +0700] "GET /hello/activities?id=1 HTTP/1.1" 404 771
0:0:0:0:0:0:0:1 - - [31/Jan/2023:21:55:43 +0700] "GET /hello/activities?id=1 HTTP/1.1" 404 771
0:0:0:0:0:0:0:1 - - [31/Jan/2023:21:55:43 +0700] "GET /hello/activities?id=1 HTTP/1.1" 404 771
0:0:0:0:0:0:0:1 - - [31/Jan/2023:21:55:52 +0700] "GET /hello/allactivities?id=1 HTTP/1.1" 404 774
0:0:0:0:0:0:0:1 - - [31/Jan/2023:21:55:54 +0700] "GET /hello/allactivities HTTP/1.1" 404 774
0:0:0:0:0:0:0:1 - - [31/Jan/2023:21:55:54 +0700] "GET /hello/allactivities HTTP/1.1" 404 774
0:0:0:0:0:0:0:1 - - [31/Jan/2023:21:56:09 +0700] "GET /hello/activities?id=1 HTTP/1.1" 404 771
127.0.0.1 - - [31/Jan/2023:21:56:33 +0700] "GET / HTTP/1.1" 200 11428
0:0:0:0:0:0:0:1 - - [31/Jan/2023:21:56:37 +0700] "GET /hello/activities?id=1 HTTP/1.1" 200 206
0:0:0:0:0:0:0:1 - - [31/Jan/2023:21:57:15 +0700] "GET /hello/allactivities HTTP/1.1" 200 720
0:0:0:0:0:0:0:1 - - [31/Jan/2023:21:58:46 +0700] "POST /hello/allactivities HTTP/1.1" 500 3041
0:0:0:0:0:0:0:1 - - [31/Jan/2023:21:59:30 +0700] "POST /hello/allactivities HTTP/1.1" 500 3053
127.0.0.1 - - [31/Jan/2023:22:00:48 +0700] "GET / HTTP/1.1" 200 11428
0:0:0:0:0:0:0:1 - - [31/Jan/2023:22:00:54 +0700] "POST /hello/allactivities HTTP/1.1" 500 3053
127.0.0.1 - - [31/Jan/2023:22:02:12 +0700] "GET / HTTP/1.1" 200 11428
0:0:0:0:0:0:0:1 - - [31/Jan/2023:22:02:18 +0700] "POST /hello/allactivities HTTP/1.1" 200 224
127.0.0.1 - - [31/Jan/2023:22:02:47 +0700] "GET / HTTP/1.1" 200 11428
0:0:0:0:0:0:0:1 - - [31/Jan/2023:22:02:50 +0700] "POST /hello/activities HTTP/1.1" 200 224
0:0:0:0:0:0:0:1 - - [31/Jan/2023:22:03:14 +0700] "POST /hello/activities HTTP/1.1" 200 224
0:0:0:0:0:0:0:1 - - [31/Jan/2023:22:03:42 +0700] "POST /hello/activities HTTP/1.1" 200 225
0:0:0:0:0:0:0:1 - - [31/Jan/2023:22:04:51 +0700] "GET /hello/activityplacetime?place=%E0%B8%84%E0%B8%93%E0%B8%B0%E0%B8%A7%E0%B8%B4%E0%B8%A8%E0%B8%A7%E0%B8%81%E0%B8%A3%E0%B8%A3%E0%B8%A1%E0%B8%A8%E0%B8%B2%E0%B8%AA%E0%B8%95%E0%B8%A3%E0%B9%8C&time=9.00 HTTP/1.1" 404 778
0:0:0:0:0:0:0:1 - - [31/Jan/2023:22:05:55 +0700] "GET /hello/activitiesplacetime?place=%E0%B8%84%E0%B8%93%E0%B8%B0%E0%B8%A7%E0%B8%B4%E0%B8%A8%E0%B8%A7%E0%B8%81%E0%B8%A3%E0%B8%A3%E0%B8%A1%E0%B8%A8%E0%B8%B2%E0%B8%AA%E0%B8%95%E0%B8%A3%E0%B9%8C&time=9.00 HTTP/1.1" 200 234
